{ "name": "test", "protocol_version": "3", "integration_version": "1.0.0", "data": [ { "entity": { "name": "test", "type": "instance", "id_attributes": [] }, "metrics": [], "inventory": {}, "events": [] }, { "entity": { "name": "master", "type": "ms-database", "id_attributes": [ { "Key": "database", "Value": "master" }, { "Key": "instance", "Value": "MSSQL" } ] }, "metrics": [ { "bufferpool.sizePerDatabaseInBytes": 0, "displayName": "master", "entityName": "ms-database:master", "event_type": "MssqlDatabaseSample", "host": "testhost", "instance": "MSSQL", "log.transactionGrowth": 0, "reportingEndpoint": "testhost" } ], "inventory": {}, "events": [] }, { "entity": { "name": "otherdb", "type": "ms-database", "id_attributes": [ { "Key": "database", "Value": "otherdb" }, { "Key": "instance", "Value": "MSSQL" } ] }, "metrics": [ { "bufferpool.sizePerDatabaseInBytes": 1, "displayName": "otherdb", "entityName": "ms-database:otherdb", "event_type": "MssqlDatabaseSample", "host": "testhost", "instance": "MSSQL", "log.transactionGrowth": 1, "reportingEndpoint": "testhost" } ], "inventory": {}, "events": [] } ] }