{
    "name": "test",
    "protocol_version": "3",
    "integration_version": "1.0.0",
    "data": [
        {
            "entity": {
                "name": "test",
                "type": "instance",
                "id_attributes": []
            },
            "metrics": [
                {
                    "displayName": "test",
                    "entityName": "instance:test",
                    "event_type": "MssqlInstanceSample",
                    "host": "testhost",
                    "memoryUtilization": 80,
                    "memoryTotal": 100,
                    "memoryAvailable": 20
                }
            ],
            "inventory": {},
            "events": []
        }
    ]
}
