{"name":"test","protocol_version":"2","integration_version":"1.0.0","data":[{"entity":{"name":"test","type":"instance"},"metrics":[{"displayName":"test","entityName":"instance:test","event_type":"MssqlWaitSample","host":"","instance":"test","system.waitTimeCount":1,"system.waitTimeInMillisecondsPerSecond":638,"waitType":"LCK_M_S"},{"displayName":"test","entityName":"instance:test","event_type":"MssqlWaitSample","host":"","instance":"test","system.waitTimeCount":1,"system.waitTimeInMillisecondsPerSecond":1142,"waitType":"CHKPT"},{"displayName":"test","entityName":"instance:test","event_type":"MssqlWaitSample","host":"","instance":"test","system.waitTimeCount":1126388,"system.waitTimeInMillisecondsPerSecond":1118786296,"waitType":"LAZYWRITER_SLEEP"},{"displayName":"test","entityName":"instance:test","event_type":"MssqlWaitSample","host":"","instance":"test","system.waitTimeCount":90,"system.waitTimeInMillisecondsPerSecond":119,"waitType":"PREEMPTIVE_OS_DEVICEOPS"}],"inventory":{},"events":[]}]}